
icetime topological timing analysis report
==========================================

Info: max_span_hack is enabled: estimate is conservative.

Report for critical path:
-------------------------

        lc40_16_20_4 (LogicCell40) [clk] -> lcout: 0.640 ns
     0.640 ns net_62931 (counter[0])
        odrv_16_20_62931_66789 (Odrv4) I -> O: 0.372 ns
        t334 (Span4Mux_v4) I -> O: 0.372 ns
        t333 (LocalMux) I -> O: 0.330 ns
        inmux_16_16_66560_66627 (InMux) I -> O: 0.260 ns
        lc40_16_16_7 (LogicCell40) in0 -> lcout: 0.449 ns
     2.421 ns net_62442 ($abc$1890$auto$alumacc.cc:474:replace_alu$818.BB[0])
        t298 (LocalMux) I -> O: 0.330 ns
        inmux_16_17_66682_66709 (InMux) I -> O: 0.260 ns
        lc40_16_17_0 (LogicCell40) in1 -> carryout: 0.260 ns
     3.270 ns t48
        lc40_16_17_1 (LogicCell40) carryin -> carryout: 0.126 ns
     3.396 ns t49
        lc40_16_17_2 (LogicCell40) carryin -> carryout: 0.126 ns
     3.523 ns t50
        lc40_16_17_3 (LogicCell40) carryin -> carryout: 0.126 ns
     3.649 ns t51
        lc40_16_17_4 (LogicCell40) carryin -> carryout: 0.126 ns
     3.775 ns t52
        lc40_16_17_5 (LogicCell40) carryin -> carryout: 0.126 ns
     3.901 ns t53
        lc40_16_17_6 (LogicCell40) carryin -> carryout: 0.126 ns
     4.028 ns t54
        lc40_16_17_7 (LogicCell40) carryin -> carryout: 0.126 ns
     4.154 ns net_66749 ($auto$alumacc.cc:474:replace_alu$818.C[8])
        t55 (ICE_CARRY_IN_MUX) carryinitin -> carryinitout: 0.196 ns
        lc40_16_18_0 (LogicCell40) carryin -> carryout: 0.126 ns
     4.476 ns t56
        lc40_16_18_1 (LogicCell40) carryin -> carryout: 0.126 ns
     4.603 ns t57
        lc40_16_18_2 (LogicCell40) carryin -> carryout: 0.126 ns
     4.729 ns t58
        lc40_16_18_3 (LogicCell40) carryin -> carryout: 0.126 ns
     4.855 ns t59
        lc40_16_18_4 (LogicCell40) carryin -> carryout: 0.126 ns
     4.981 ns t60
        lc40_16_18_5 (LogicCell40) carryin -> carryout: 0.126 ns
     5.108 ns t61
        lc40_16_18_6 (LogicCell40) carryin -> carryout: 0.126 ns
     5.234 ns t62
        lc40_16_18_7 (LogicCell40) carryin -> carryout: 0.126 ns
     5.360 ns net_66872 ($auto$alumacc.cc:474:replace_alu$818.C[16])
        t63 (ICE_CARRY_IN_MUX) carryinitin -> carryinitout: 0.196 ns
        lc40_16_19_0 (LogicCell40) carryin -> carryout: 0.126 ns
     5.683 ns t64
        lc40_16_19_1 (LogicCell40) carryin -> carryout: 0.126 ns
     5.809 ns t65
        lc40_16_19_2 (LogicCell40) carryin -> carryout: 0.126 ns
     5.935 ns t66
        lc40_16_19_3 (LogicCell40) carryin -> carryout: 0.126 ns
     6.061 ns t67
        lc40_16_19_4 (LogicCell40) carryin -> carryout: 0.126 ns
     6.188 ns t68
        lc40_16_19_5 (LogicCell40) carryin -> carryout: 0.126 ns
     6.314 ns t69
        lc40_16_19_6 (LogicCell40) carryin -> carryout: 0.126 ns
     6.440 ns net_66989 ($nextpnr_ICESTORM_LC_1$I3)
        inmux_16_19_66989_66999 (InMux) I -> O: 0.260 ns
        lc40_16_19_7 (LogicCell40) in3 -> lcout: 0.316 ns
     7.015 ns net_62811 ($abc$1890$auto$alumacc.cc:491:replace_alu$820[22])
        odrv_16_19_62811_62707 (Odrv4) I -> O: 0.372 ns
        t317 (Span4Mux_h4) I -> O: 0.316 ns
        t316 (LocalMux) I -> O: 0.330 ns
        inmux_13_20_54819_54848 (InMux) I -> O: 0.260 ns
        lc40_13_20_0 (LogicCell40) in1 -> lcout: 0.400 ns
     8.691 ns net_50696 ($abc$1890$auto$dff2dffe.cc:158:make_patterns_logic$1813)
        odrv_13_20_50696_46764 (Odrv4) I -> O: 0.372 ns
        t206 (Span4Mux_h4) I -> O: 0.316 ns
        t205 (Span4Mux_v4) I -> O: 0.372 ns
        t204 (Span4Mux_v4) I -> O: 0.372 ns
        t203 (LocalMux) I -> O: 0.330 ns
        inmux_7_28_32020_32088 (CEMux) I -> O: 0.603 ns
    11.055 ns net_32088 ($abc$1890$auto$dff2dffe.cc:158:make_patterns_logic$1813)
        lc40_7_28_4 (LogicCell40) ce [setup]: 0.000 ns
    11.055 ns net_27895 (LED[0])

Resolvable net names on path:
     0.640 ns ..  1.973 ns counter[0]
     2.421 ns ..  3.011 ns $abc$1890$auto$alumacc.cc:474:replace_alu$818.BB[0]
     4.154 ns ..  4.350 ns $auto$alumacc.cc:474:replace_alu$818.C[8]
     5.360 ns ..  5.556 ns $auto$alumacc.cc:474:replace_alu$818.C[16]
     6.440 ns ..  6.700 ns $nextpnr_ICESTORM_LC_1$I3
     7.015 ns ..  8.292 ns $abc$1890$auto$alumacc.cc:491:replace_alu$820[22]
     8.691 ns .. 11.055 ns $abc$1890$auto$dff2dffe.cc:158:make_patterns_logic$1813
                  lcout -> LED[0]

Total number of logic levels: 27
Total path delay: 11.05 ns (90.46 MHz)

